Мои райтапы по всем таскам.
Постарался максимально сжато показать, что делал, чтобы получить ключ.
Задачи 25 и 32 подсмотрел.
По задачк 30 воспрользовался подсказкой.

Возможно, потом ещё один раз вернусь и сделаю рефакторинг этих записей.

--bandit0
The password is given as "bandit0".
bandit0@bandit:~$ cat readme
boJ9jbbUNNfktd78OOpsqOltutMc3MY1

--bandit1
bandit1@bandit:~$ cat ./-
CV1DtqXWVFXTvM2F0k09SHz0YwRINYA9

--bandit2
bandit2@bandit:~$ cat spaces\ in\ this\ filename
UmHadQclWmgdLOKQ3YNgjWxGoRMb5luK

--bandit3
bandit3@bandit:~$ cat inhere/$(ls -A inhere/)
pIwrPrtPN36QITSp3EQaw936yaFoFgAB

--bandit4
bandit4@bandit:~$ strings inhere/* | tail -1
koReBOKuIDDepwhWk7jZC0RTdopnAYKh

--bandit5
bandit5@bandit:~$ head -1 $(find inhere/ -type f -size 1033c)
DXjZPULLxYr17uwoI01bNLQbtFemEgo7

--bandit6
bandit6@bandit:~$ cat $(find / -user bandit7 -group bandit6 -size 33c 2>/dev/null)
HKBPTKQnIay4Fw76bEy8PVxKEDQRKTzs

--bandit7
bandit7@bandit:~$ grep -r millionth $(find / -name data.txt 2>/dev/null) 2>/dev/null | cut -f 2
cvX2JJa4CFALtqS87jk27qwqGhBM9plV

--bandit8
bandit8@bandit:~$ for f in $(find / -name data.txt 2>/dev/null); do if [[ $(sort $f 2>/dev/null
| uniq -c | grep '1 ' | wc -l) -eq 1 ]]; then sort $f | uniq -u; fi; done
UsvVyFSfZZWbi6wgC7dAFyFuR6jQQUhR

--bandit9
bandit9@bandit:~$ echo $(grep  = <(for f in $(find / -name data.txt 2>/dev/null); do grep -ao '=*.*[a-z][A-Z][0-9].*$' $f 2>/dev/null; done)) | tr -c '[a-z][A-Z][0-9]\n' ' ' | tr -d ' '
truKLdjsbJ5g7yyJ2X2R0o3a5HQJFuLk

--bandit10
bandit10@bandit:~$ for f in $(find / -name data.txt 2>/dev/null); do grep -I '==' $f 2>/dev/null | base64 -d | sed 's/^.* //'; done
IFukwKGsFW8MOq3IRFqrxE1hxTNEbUPR

--bandit11
bandit11@bandit:~$ for f in $(find / -name data.txt 2>/dev/null); do cat $f 2>/dev/null | tr '[A-Za-z]' '[N-ZA-Mn-za-m]' | grep -v = | sed 's/^.* //'; done
5Te8Y4drgCRfCx8ugdwuEX8KFC6k2EUu

--bandit12
bandit12@bandit:~$ for f in $(find / -name data.txt 2>/dev/null); do echo $(grep -El '\.{10}' $f 2>/dev/null) | tr -d '\n' | xargs xxd -r | gzip -d 2>/dev/null | bzip2 -d 2>/dev/null | gzip -d 2>/dev/null | tar -xf - -O 2>/dev/null | tar -xf - -O 2>/dev/null | bzip2 -d 2>/dev/null | tar -xf - -O 2>/dev/null | gzip -d 2>/dev/null | sed 's/^.* //'; done
8ZjyCRiBWFYkneahHwxCv3wb2a1ORpYL

--bandit13
scp -P 2220 bandit13@bandit.labs.overthewire.org:~/sshkey.private ~/
chmod 0600 sshkey.private
ssh -i sshkey.private -p 2220 bandit14@bandit.labs.overthewire.org
bandit14@bandit:~$ cat /etc/bandit_pass/bandit14
4wcYUJFw0k0XLShlDzztnTBHiqxU3b3e

--bandit14
bandit14@bandit:~$ echo '4wcYUJFw0k0XLShlDzztnTBHiqxU3b3e' | nc 127.0.0.1 30000 | head -2 | tail -1
BfMYroe26WYalil77FoDi9qh59eK5xNr

--bandit15
bandit15@bandit:~$ echo 'BfMYroe26WYalil77FoDi9qh59eK5xNr' | openssl s_client -connect 127.0.0.1:30001 -ign_eof 2>/dev/null | grep -A 1 Correct | tail -1
cluFn7wTiGryunymYOu4RcffSxQluehd

--bandit16
bandit16@bandit:~$ nmap --script ssl-enum-ciphers -p 31000-32000 127.0.0.1
bandit16@bandit:~$ echo 'cluFn7wTiGryunymYOu4RcffSxQluehd' | openssl s_client -connect 127.0.0.1:31790 -ign_eof 2>/dev/null | sed -n '/Correct/,$p' | grep -Ev 'Correct|closed'
-----BEGIN RSA PRIVATE KEY-----
MIIEogIBAAKCAQEAvmOkuifmMg6HL2YPIOjon6iWfbp7c3jx34YkYWqUH57SUdyJ
imZzeyGC0gtZPGujUSxiJSWI/oTqexh+cAMTSMlOJf7+BrJObArnxd9Y7YT2bRPQ
Ja6Lzb558YW3FZl87ORiO+rW4LCDCNd2lUvLE/GL2GWyuKN0K5iCd5TbtJzEkQTu
DSt2mcNn4rhAL+JFr56o4T6z8WWAW18BR6yGrMq7Q/kALHYW3OekePQAzL0VUYbW
JGTi65CxbCnzc/w4+mqQyvmzpWtMAzJTzAzQxNbkR2MBGySxDLrjg0LWN6sK7wNX
x0YVztz/zbIkPjfkU1jHS+9EbVNj+D1XFOJuaQIDAQABAoIBABagpxpM1aoLWfvD
KHcj10nqcoBc4oE11aFYQwik7xfW+24pRNuDE6SFthOar69jp5RlLwD1NhPx3iBl
J9nOM8OJ0VToum43UOS8YxF8WwhXriYGnc1sskbwpXOUDc9uX4+UESzH22P29ovd
d8WErY0gPxun8pbJLmxkAtWNhpMvfe0050vk9TL5wqbu9AlbssgTcCXkMQnPw9nC
YNN6DDP2lbcBrvgT9YCNL6C+ZKufD52yOQ9qOkwFTEQpjtF4uNtJom+asvlpmS8A
vLY9r60wYSvmZhNqBUrj7lyCtXMIu1kkd4w7F77k+DjHoAXyxcUp1DGL51sOmama
+TOWWgECgYEA8JtPxP0GRJ+IQkX262jM3dEIkza8ky5moIwUqYdsx0NxHgRRhORT
8c8hAuRBb2G82so8vUHk/fur85OEfc9TncnCY2crpoqsghifKLxrLgtT+qDpfZnx
SatLdt8GfQ85yA7hnWWJ2MxF3NaeSDm75Lsm+tBbAiyc9P2jGRNtMSkCgYEAypHd
HCctNi/FwjulhttFx/rHYKhLidZDFYeiE/v45bN4yFm8x7R/b0iE7KaszX+Exdvt
SghaTdcG0Knyw1bpJVyusavPzpaJMjdJ6tcFhVAbAjm7enCIvGCSx+X3l5SiWg0A
R57hJglezIiVjv3aGwHwvlZvtszK6zV6oXFAu0ECgYAbjo46T4hyP5tJi93V5HDi
Ttiek7xRVxUl+iU7rWkGAXFpMLFteQEsRr7PJ/lemmEY5eTDAFMLy9FL2m9oQWCg
R8VdwSk8r9FGLS+9aKcV5PI/WEKlwgXinB3OhYimtiG2Cg5JCqIZFHxD6MjEGOiu
L8ktHMPvodBwNsSBULpG0QKBgBAplTfC1HOnWiMGOU3KPwYWt0O6CdTkmJOmL8Ni
blh9elyZ9FsGxsgtRBXRsqXuz7wtsQAgLHxbdLq/ZJQ7YfzOKU4ZxEnabvXnvWkU
YOdjHdSOoKvDQNWu6ucyLRAWFuISeXw9a/9p7ftpxm0TSgyvmfLF2MIAEwyzRqaM
77pBAoGAMmjmIJdjp+Ez8duyn3ieo36yrttF5NSsJLAbxFpdlc1gvtGCWW+9Cq0b
dxviW8+TFVEBl1O4f7HVm6EpTscdDxU+bCXWkfjuRb7Dy9GOtt9JPsX8MBTakzh3
vBgsyi/sN3RqRBcGU40fOoZyfAMT8s1m/uYv52O6IgeuZ/ujbjY=
-----END RSA PRIVATE KEY-----

--bandit17
bandit17@bandit:~$ diff -u passwords.old passwords.new | grep '\+.*[a-z][A-Z][0-9]' | tr -d '+'
kfBf3eYk5BPBRzwjqutbbfE887SVc5Yd

--bandit18
sfy@flyinghigh: ~
↳ ssh -q -p 2220 bandit18@bandit.labs.overthewire.org "cat ~/readme"
bandit18@bandit.labs.overthewire.org's password:
IueksS7Ubh8G3DCwVzrTd8rAVOwq3M5x

--bandit19
bandit19@bandit:~$ ./bandit20-do cat /etc/bandit_pass/bandit20
GbKksEFF4yrVs6il55v6gwY5aVje5f0j

--bandit20
bandit20@bandit:~$ nc -l -p 1234 &
[2] 8093
bandit20@bandit:~$ ./suconnect 1234 &
[3] 8112
bandit20@bandit:~$ fg 2
nc -l -p 1234
GbKksEFF4yrVs6il55v6gwY5aVje5f0j
Read: GbKksEFF4yrVs6il55v6gwY5aVje5f0j
Password matches, sending next password
gE269g2h3mw3pwgrj0Ha9Uoqen1c9DGr

--bandit21
bandit21@bandit:~$ cat $(grep -r cronjob_bandit22 /etc/cron.d/* | grep -v @ | grep -o ' /.*sh' | tr -d ' ') | grep -Eo '>.*$' | sed 's/> //' | xargs cat
Yk7owGAcWjwMVRwrTesJEwB7WVOiILLI

--bandit22
bandit22@bandit:~$ cat $(grep -r cronjob_bandit23 /etc/cron.d/* | grep -v @ | grep -o ' /.*sh' | tr -d ' ')
#!/bin/bash

myname=$(whoami)
mytarget=$(echo I am user $myname | md5sum | cut -d ' ' -f 1)

echo "Copying passwordfile /etc/bandit_pass/$myname to /tmp/$mytarget"

cat /etc/bandit_pass/$myname > /tmp/$mytarget
bandit22@bandit:~$ cat /tmp/$(echo "I am user bandit23"  | md5sum | cut -d ' ' -f 1)
jc1udXuA1tiHqjIsL8yaapX5XIAI6i0n

--bandit23
bandit23@bandit:~$ cat $(grep -r cronjob_bandit24 /etc/cron.d/* | grep -v @ | grep -o ' /.*sh' | tr -d ' ')
#!/bin/bash

myname=$(whoami)

cd /var/spool/$myname
echo "Executing and deleting all scripts in /var/spool/$myname:"
for i in * .*;
do
    if [ "$i" != "." -a "$i" != ".." ];
    then
        echo "Handling $i"
        owner="$(stat --format "%U" ./$i)"
        if [ "${owner}" = "bandit23" ]; then
            timeout -s 9 60 ./$i
        fi
        rm -f ./$i
    fi
done

bandit23@bandit:~$ cd /tmp
bandit23@bandit:~$ mkdir ass; cd ass
bandit23@bandit:/tmp/ass$ vim test.sh
bandit23@bandit:/tmp/ass$ cat test.sh
#!/bin/bash
cat /etc/bandit_pass/bandit24 > /tmp/bandit24
bandit23@bandit:/tmp/ass$ chmod +x test.sh
bandit23@bandit:/tmp/ass$ cp test.sh /var/spool/bandit24
bandit23@bandit:/tmp/ass$ cat /tmp/bandit24
UoMYTrfrBFHyQXmg6gzctqAwOmw1IohZ

--bandit24
bandit24@bandit:~$ cd /tmp
bandit24@bandit:/tmp$ mkdir bandit24_sfyyy; cd bandit24_sfyyy
bandit24@bandit:/tmp/bandit24_sfyyy$ for i in {0000..9999}; do echo "UoMYTrfrBFHyQXmg6gzctqAwOmw1IohZ $i" >> dict; done
bandit24@bandit:/tmp/bandit24_sfyyy$ grep -A 1 Correct <(nc 127.0.0.1 30002 < dict) | tail -1 | sed 's/^.* //'
uNG9O58gUE7snukf3bvZ0rxhtnjzSGzG

--bandit25
scp -P 2220 bandit25@bandit.labs.overthewire.org:~/bandit26.sshkey ~/
I cheated on this one, because it seemed way too obscure to figure out.
5czgV9L3Xx8JPOyRbXh6lQbmIOWvPT6Z

--bandit26
In Vim.
:!set shell=/bin/bash
:!./bandit27-do cat /etc/bandit_pass/bandit27
3ba3118a22e93127a4ed485be72ef5ea

--bandit27
bandit27@bandit:~$ cd /tmp
bandit27@bandit:/tmp$ mkdir asdjfajf; cd asdjfajf
bandit27@bandit:/tmp/asdjfajf$ git clone ssh://bandit27-git@localhost/home/bandit27-git/repo
bandit27@bandit:/tmp/asdjfajf$ sed 's/^.* //' repo/README
0ef186ac70e04ea33b4c1853d2526fa2

--bandit28
bandit28@bandit:~$ cd /tmp
bandit28@bandit:/tmp$ cd qwerasdf
bandit28@bandit:/tmp/qwerasdf$ git clone ssh://bandit28-git@localhost/home/bandit28-git/repo
bandit28@bandit:/tmp/qwerasdf$ cd repo/
bandit28@bandit:/tmp/qwerasdf/repo$ git log -1
commit edd935d60906b33f0619605abd1689808ccdd5ee
Author: Morla Porla <morla@overthewire.org>
Date:   Thu May 7 20:14:49 2020 +0200

    fix info leak
bandit28@bandit:/tmp/qwerasdf/repo$ git show edd935d60906b33f0619605abd1689808ccdd5ee | grep password | head -1 | sed 's/^.* //'
bbc96594b4e001778eee9975372716b2

--bandit29
bandit29@bandit:~$ cd /tmp
bandit29@bandit:/tmp$ mkdir asdftyu; cd asdftyu
bandit29@bandit:/tmp/asdftyu$ git clone ssh://bandit29-git@localhost/home/bandit29-git/repo
bandit29@bandit:/tmp/asdftyu$ cd repo/
bandit29@bandit:/tmp/asdftyu/repo$ git branch -a
* (HEAD detached at origin/dev)
  master
  remotes/origin/HEAD -> origin/master
  remotes/origin/dev
  remotes/origin/master
  remotes/origin/sploits-dev
bandit29@bandit:/tmp/asdftyu/repo$ git checkout remotes/origin/dev
bandit29@bandit:/tmp/asdftyu/repo$ git log -1
commit bc833286fca18a3948aec989f7025e23ffc16c07
Author: Morla Porla <morla@overthewire.org>
Date:   Thu May 7 20:14:52 2020 +0200

    add data needed for development
bandit29@bandit:/tmp/asdftyu/repo$ git show bc833286fca18a3948aec989f7025e23ffc16c07 | grep password | tail -1 | sed 's/^.* //'
5b90576bedb2cc04c86a9e924ce42faf

--bandit30
bandit30@bandit:~$ cd /tmp
bandit30@bandit:/tmp$ mkdir zxcvasdf; cd zxcvasdf
bandit30@bandit:/tmp/zxcvasdf$ git clone ssh://bandit30-git@localhost/home/bandit30-git/repo
bandit30@bandit:/tmp/zxcvasdf$ cd repo
bandit30@bandit:/tmp/zxcvasdf/repo/.git$ git show $(git tag)
47e603bb428404d265f59c42920d81e5

--bandit31
bandit31@bandit:~$ cd /tmp
bandit31@bandit:/tmp$ mkdir poiulkjh; cd poiulkjh
bandit31@bandit:/tmp/poiulkjh
bandit31@bandit:/tmp/poiulkjh$ git clone ssh://bandit31-git@localhost/home/bandit31-git/repo; cd repo
bandit31@bandit:/tmp/poiulkjh/repo$ git show
bandit31@bandit:/tmp/poiulkjh/repo$ rm .gitignore
bandit31@bandit:/tmp/poiulkjh/repo$ vim key.txt
bandit31@bandit:/tmp/poiulkjh/repo$ cat key.txt
May I come in?
bandit31@bandit:/tmp/poiulkjh/repo$ git commit -m 'bandit32' -a; git push
Could not create directory '/home/bandit31/.ssh'.
The authenticity of host 'localhost (127.0.0.1)' can't be established.
ECDSA key fingerprint is SHA256:98UL0ZWr85496EtCRkKlo20X3OPnyPSB5tB5RPbhczc.
Are you sure you want to continue connecting (yes/no)? yes
Failed to add the host to the list of known hosts (/home/bandit31/.ssh/known_hosts).
This is a OverTheWire game server. More information on http://www.overthewire.org/wargames

bandit31-git@localhost's password:
Counting objects: 3, done.
Delta compression using up to 2 threads.
Compressing objects: 100% (2/2), done.
Writing objects: 100% (3/3), 284 bytes | 0 bytes/s, done.
Total 3 (delta 0), reused 0 (delta 0)
remote: ### Attempting to validate files... ####
remote:
remote: .oOo.oOo.oOo.oOo.oOo.oOo.oOo.oOo.oOo.oOo.
remote:
remote: Well done! Here is the password for the next level:
remote: 56a9bf19c63d650ce78e6ec0354ee45e
remote:
remote: .oOo.oOo.oOo.oOo.oOo.oOo.oOo.oOo.oOo.oOo.
remote:
To ssh://localhost/home/bandit31-git/repo
 ! [remote rejected] master -> master (pre-receive hook declined)
error: failed to push some refs to 'ssh://bandit31-git@localhost/home/bandit31-git/repo'

--bandit32
>> $0
$ cat /etc/bandit_pass/bandit33
c9c3199ddf4121b10cf581a98d51caee

